// Jest Snapshot v1, https://goo.gl/fbAQLP

exports[`Should Map Component render correctly 1`] = `
<Router
  history={
    Object {
      "action": "POP",
      "block": [Function],
      "createHref": [Function],
      "go": [Function],
      "goBack": [Function],
      "goForward": [Function],
      "length": 1,
      "listen": [Function],
      "location": Object {
        "hash": "",
        "pathname": "/",
        "search": "",
        "state": undefined,
      },
      "push": [Function],
      "replace": [Function],
    }
  }
>
  <MapComponent
    chosedPinLocation={
      Array [
        52.369553943508,
        4.85309666406198,
      ]
    }
    cityLocation={
      Array [
        52.369553943508,
        4.85309666406198,
      ]
    }
    className="cities__map"
    key="key"
    pinLocations={
      Array [
        Array [
          52.3909553943508,
          4.85309666406198,
        ],
        Array [
          52.3909553943508,
          4.85309666406198,
        ],
        Array [
          52.3909553943508,
          4.85309666406198,
        ],
        Array [
          52.3909553943508,
          4.85309666406198,
        ],
      ]
    }
    zoom={10}
  >
    <section
      className="cities__map map"
      id="map"
    />
  </MapComponent>
</Router>
`;
