// Jest Snapshot v1, https://goo.gl/fbAQLP

exports[`Should Photos render correctly 1`] = `
Array [
  <div
    className="property__image-wrapper"
  >
    <img
      alt="Photo studio"
      className="property__image"
      src="a"
    />
  </div>,
  <div
    className="property__image-wrapper"
  >
    <img
      alt="Photo studio"
      className="property__image"
      src="b"
    />
  </div>,
]
`;
