// Jest Snapshot v1, https://goo.gl/fbAQLP

exports[`MainSortingOption Should render corectly 1`] = `
Array [
  <li
    className="places__option "
    onClick={[Function]}
    tabIndex="0"
  >
    Price: low to high
  </li>,
  <li
    className="places__option "
    onClick={[Function]}
    tabIndex="0"
  >
    Price: high to low
  </li>,
  <li
    className="places__option places__option--active"
    onClick={[Function]}
    tabIndex="0"
  >
    Popular
  </li>,
  <li
    className="places__option "
    onClick={[Function]}
    tabIndex="0"
  >
    Top rated first
  </li>,
]
`;
